// Jest Snapshot v1, https://goo.gl/fbAQLP

exports[`ResultsProductPage renders - display mode list 1`] = `
<div>
  <div />
</div>
`;
